GHCi, version 9.0.2: https://www.haskell.org/ghc/  :? for help
Loaded GHCi configuration from /home/nobsun/bprog2022/.ghci
2022-05-19 15:41:20.772116087
>>> GHCi, version 9.0.2: https://www.haskell.org/ghc/  :? for help
Loaded GHCi configuration from /home/nobsun/bprog2022/.ghci
2022-05-19 15:52:29.293135847
>>> 23 + 5
28
2022-05-19 15:54:06.040737748
>>> 3 + 2 * 5
13
2022-05-19 15:54:54.416490458
>>> (3 + 2) * 5
25
2022-05-19 15:55:17.862866578
>>> 5 - 4 - 8
-7
2022-05-19 15:55:40.88854467
>>> sqrt 2
1.4142135623730951
2022-05-19 15:59:43.315429099
>>> double 3

<interactive>:6:1: error: Variable not in scope: double :: t0 -> t
2022-05-19 16:01:58.223616113
>>> GHCi, version 9.0.2: https://www.haskell.org/ghc/  :? for help
Loaded GHCi configuration from /home/nobsun/bprog2022/.ghci
2022-05-26 15:02:02.530849219
>>> maxBound :: Int
9223372036854775807
2022-05-26 15:03:22.749538305
>>> 2 ^ 63 - 1
9223372036854775807
2022-05-26 15:04:58.349066392
>>> minBound :: Int
-9223372036854775808
2022-05-26 15:05:27.615619199
>>> :e src/First.hs
   1  module First where
   2  
   3  double :: Int -> Int
   4  double x = x + x
Ok, no modules loaded.
2022-05-26 15:49:04.221837258
>>> :l src/First.hs
[1 of 1] Compiling First            ( src/First.hs, interpreted )
Ok, one module loaded.
2022-05-26 15:49:04.263390127
>>> :e src/First.hs
   1  module First where
   2  
   3  double :: Int -> Int
   4  double x = x + y
[1 of 1] Compiling First            ( src/First.hs, interpreted )

src/First.hs:4:16: error: Variable not in scope: y :: Int
  |
4 | double x = x + y
  |                ^
Failed, no modules loaded.
2022-05-26 15:52:34.955145442
>>> :l src/First.hs
[1 of 1] Compiling First            ( src/First.hs, interpreted )

src/First.hs:4:16: error: Variable not in scope: y :: Int
  |
4 | double x = x + y
  |                ^
Failed, no modules loaded.
2022-05-26 15:52:35.053256977
>>> :e src/First.hs
   1  module First where
   2  
   3  double :: Int -> Int
   4  double x = x + X
[1 of 1] Compiling First            ( src/First.hs, interpreted )

src/First.hs:4:16: error: Data constructor not in scope: X :: Int
  |
4 | double x = x + X
  |                ^
Failed, no modules loaded.
2022-05-26 15:53:52.172492083
>>> :l src/First.hs
[1 of 1] Compiling First            ( src/First.hs, interpreted )

src/First.hs:4:16: error: Data constructor not in scope: X :: Int
  |
4 | double x = x + X
  |                ^
Failed, no modules loaded.
2022-05-26 15:53:52.271256218
>>> :e
   1  module First where
   2  
   3  double :: Int -> Int
   4  double x = x + x
[1 of 1] Compiling First            ( src/First.hs, interpreted )
Ok, one module loaded.
2022-05-26 15:55:54.729844766
>>> double 3
6
2022-05-26 15:56:11.587013323
>>> double 123
246
2022-05-26 15:56:17.378585928
>>> double (1 + 3)
8
2022-05-26 15:56:39.045936542
>>> double (1 + 2)
6
2022-05-26 15:57:11.788210761
>>> :q
Leaving GHCi.
GHCi, version 9.0.2: https://www.haskell.org/ghc/  :? for help
Loaded GHCi configuration from /home/nobsun/bprog2022/.ghci
2022-06-09 14:55:17.295263499
>>> 2 + 3 * 4
14
2022-06-09 14:58:35.596465284
>>> (2 + 3) * 4
20
2022-06-09 15:00:13.884062482
>>> :i sqrt
type Floating :: * -> Constraint
class Fractional a => Floating a where
  ...
  sqrt :: a -> a
  ...
  	-- Defined in ‘GHC.Float’
2022-06-09 15:00:45.480403483
>>> sqrt (3 ^ 2 + 4 ^ 2)
5.0
2022-06-09 15:05:14.269402564
>>> sqrt (25 :: Int)

<interactive>:5:1: error:
    • No instance for (Floating Int) arising from a use of ‘sqrt’
    • In the expression: sqrt (25 :: Int)
      In an equation for ‘it’: it = sqrt (25 :: Int)
2022-06-09 15:08:16.844054075
>>> sqrt (25 :: Double)
5.0
2022-06-09 15:09:12.630902577
>>> sqrt 25
5.0
2022-06-09 15:10:00.273123424
>>> hoge 25 :: Int

<interactive>:8:1: error: Variable not in scope: hoge :: t0 -> Int
2022-06-09 15:13:24.960189258
>>> head [1, 2, 3]
1
2022-06-09 15:46:13.785280883
>>> head [3, 1, 4, 1, 5]
3
2022-06-09 15:46:46.589983079
>>> head []
*** Exception: Prelude.head: empty list
2022-06-09 15:48:29.759986305
>>> hoge = [3, 1, 4, 1, 5] :: [Int]
2022-06-09 15:50:32.740499532
>>> hoge
[3,1,4,1,5]
2022-06-09 15:50:53.725292698
>>> head hoge
3
2022-06-09 15:51:23.183498655
>>> tail hoge
[1,4,1,5]
2022-06-09 15:51:29.382625393
>>> tail []
*** Exception: Prelude.tail: empty list
2022-06-09 15:52:36.289909716
>>> hoge !! 0
3
2022-06-09 15:55:02.270069945
>>> hoge !! 2
4
2022-06-09 15:56:14.993859377
>>> take 3 hoge
[3,1,4]
2022-06-09 15:56:53.437305549
>>> hoge
[3,1,4,1,5]
2022-06-09 15:56:59.082004809
>>> drop 3 hoge
[1,5]
2022-06-09 15:57:18.051594993
>>> hoge 5 hoge

<interactive>:22:1: error:
    • Couldn't match expected type: t0 -> [Int] -> t
                  with actual type: [Int]
    • The function ‘hoge’ is applied to two value arguments,
        but its type ‘[Int]’ has none
      In the expression: hoge 5 hoge
      In an equation for ‘it’: it = hoge 5 hoge
    • Relevant bindings include it :: t (bound at <interactive>:22:1)
2022-06-09 15:58:20.146928867
>>> hoge !! 5
*** Exception: Prelude.!!: index too large
2022-06-09 15:58:51.056271745
>>> take 10 hoge
[3,1,4,1,5]
2022-06-09 15:59:17.401010538
>>> drop 10 hoge
[]
2022-06-09 15:59:47.976248
>>> length head

<interactive>:26:1: error:
    • No instance for (Foldable ((->) [a0]))
        arising from a use of ‘length’
    • In the expression: length head
      In an equation for ‘it’: it = length head
2022-06-09 16:00:51.539626858
>>> length hoge
5
2022-06-09 16:01:05.779585783
>>> length []
0
2022-06-09 16:01:22.747642003
>>> sum hoge
14
2022-06-09 16:02:03.837617214
>>> product hoge
60
2022-06-09 16:03:04.46459835
>>> hoge ++ hoe

<interactive>:31:9: error:
    • Variable not in scope: hoe :: [Int]
    • Perhaps you meant ‘hoge’ (line 12)
2022-06-09 16:04:42.443304254
>>> hoge ++ hoge
[3,1,4,1,5,3,1,4,1,5]
2022-06-09 16:04:54.017840124
>>> reverse hoge
[5,1,4,1,3]
2022-06-09 16:05:29.172902545
>>> :e src/First.hs
   1  module First where
   2  
   3  double :: Int -> Int
   4  double x = x + x
Ok, no modules loaded.
2022-06-09 16:07:32.584753235
>>> :load src/First.hs
[1 of 1] Compiling First            ( src/First.hs, interpreted )
Ok, one module loaded.
2022-06-09 16:07:32.655211493
>>> double 3 + 3
9
2022-06-09 16:07:51.953015851
>>> double (3 + 3)
12
2022-06-09 16:11:07.488205241
>>> :e
   1  module First where
   2  
   3  double :: Int -> Int
   4  double x = x + x
   5  
   6  quadruple :: Int -> Int
   7  quadruple x = double (double x)
[1 of 1] Compiling First            ( src/First.hs, interpreted )
Ok, one module loaded.
2022-06-09 16:14:15.50389674
>>> quadruple 2
8
2022-06-09 16:14:35.42338385
>>> quadruple (2 + 3)
20
2022-06-09 16:14:49.544716523
>>> :quit
Leaving GHCi.
GHCi, version 9.0.2: https://www.haskell.org/ghc/  :? for help
Loaded GHCi configuration from /home/nobsun/bprog2022/.ghci
2022-06-16 15:01:30.006237607
>>> take 3 [3,1,4,1,5]
[3,1,4]
2022-06-16 15:04:05.807324383
>>> :e src/First.hs
   1  module First where
   2  
   3  double :: Int -> Int
   4  double x = x + x
   5  
   6  quadruple :: Int -> Int
   7  quadruple x = double (double x)
Ok, no modules loaded.
2022-06-16 15:10:47.27279234
>>> :l src/First.hs
[1 of 1] Compiling First            ( src/First.hs, interpreted )
Ok, one module loaded.
2022-06-16 15:10:47.353960807
>>> 
2022-06-16 15:11:37.759481526
>>> double

<interactive>:5:1: error:
    • No instance for (Show (Int -> Int)) arising from a use of ‘print’
        (maybe you haven't applied a function to enough arguments?)
    • In a stmt of an interactive GHCi command: print it
2022-06-16 15:12:56.018764304
>>> doule

<interactive>:6:1: error:
    • Variable not in scope: doule
    • Perhaps you meant ‘double’ (line 4)
2022-06-16 15:13:22.050802945
>>> take (double 2) [1,2,3,4,5]
[1,2,3,4]
2022-06-16 15:14:55.935697819
>>> [1 .. 10]
[1,2,3,4,5,6,7,8,9,10]
2022-06-16 15:20:11.884757221
>>> :e
   1  module First where
   2  
   3  double :: Int -> Int
   4  double x = x + x
   5  
   6  quadruple :: Int -> Int
   7  quadruple x = double (double x)
   8  
   9  factorial :: Integer -> Integer
  10  factorial n = product [1 .. n]
[1 of 1] Compiling First            ( src/First.hs, interpreted )
Ok, one module loaded.
2022-06-16 15:21:00.54852198
>>> factorial 3
6
2022-06-16 15:22:07.629360104
>>> factorial 4
24
2022-06-16 15:22:14.151193197
>>> :e
   1  module First where
   2  
   3  double :: Int -> Int
   4  double x = x + x
   5  
   6  quadruple :: Int -> Int
   7  quadruple x = double (double x)
   8  
   9  factoria1 :: Integer -> Integer
  10  factorial n = product [1 .. n]
[1 of 1] Compiling First            ( src/First.hs, interpreted )

src/First.hs:9:1: error:
    The type signature for ‘factoria1’ lacks an accompanying binding
      Perhaps you meant ‘factorial’ (Defined at src/First.hs:10:1)
  |
9 | factoria1 :: Integer -> Integer
  | ^^^^^^^^^
Failed, no modules loaded.
2022-06-16 15:28:16.397659099
>>> :e
   1  module First where
   2  
   3  double :: Int -> Int
   4  double x = x + x
   5  
   6  quadruple :: Int -> Int
   7  quadruple x = double (double x)
   8  
   9  factorial :: Integer -> Integer
  10  factorial n = product [1 .. n]
[1 of 1] Compiling First            ( src/First.hs, interpreted )
Ok, one module loaded.
2022-06-16 15:29:20.913859286
>>> :e
   1  module First where
   2  
   3  double :: Int -> Int
   4  double x = x + x
   5  
   6  quadruple :: Int -> Int
   7  quadruple x = double (double x)
   8  
   9  factorial :: Integer -> Integer
  10  factorial n = product [1 .. n]
  11  
  12  average :: Int -> Int
  13  average xs = sum xs `div` length xs
  14  
  15  ave :: Int -> Int -> Int
  16  ave xs = div (sum xs) (length xs)
  17  
[1 of 1] Compiling First            ( src/First.hs, interpreted )

src/First.hs:13:18: error:
    • Couldn't match expected type ‘t2 Int’ with actual type ‘Int’
    • In the first argument of ‘sum’, namely ‘xs’
      In the first argument of ‘div’, namely ‘sum xs’
      In the expression: sum xs `div` length xs
   |
13 | average xs = sum xs `div` length xs
   |                  ^^

src/First.hs:13:34: error:
    • Couldn't match expected type ‘t3 a1’ with actual type ‘Int’
    • In the first argument of ‘length’, namely ‘xs’
      In the second argument of ‘div’, namely ‘length xs’
      In the expression: sum xs `div` length xs
   |
13 | average xs = sum xs `div` length xs
   |                                  ^^

src/First.hs:16:10: error:
    • Couldn't match expected type ‘Int -> Int’ with actual type ‘Int’
    • Possible cause: ‘div’ is applied to too many arguments
      In the expression: div (sum xs) (length xs)
      In an equation for ‘ave’: ave xs = div (sum xs) (length xs)
   |
16 | ave xs = div (sum xs) (length xs)
   |          ^^^^^^^^^^^^^^^^^^^^^^^^

src/First.hs:16:19: error:
    • Couldn't match expected type ‘t0 Int’ with actual type ‘Int’
    • In the first argument of ‘sum’, namely ‘xs’
      In the first argument of ‘div’, namely ‘(sum xs)’
      In the expression: div (sum xs) (length xs)
   |
16 | ave xs = div (sum xs) (length xs)
   |                   ^^

src/First.hs:16:31: error:
    • Couldn't match expected type ‘t1 a0’ with actual type ‘Int’
    • In the first argument of ‘length’, namely ‘xs’
      In the second argument of ‘div’, namely ‘(length xs)’
      In the expression: div (sum xs) (length xs)
   |
16 | ave xs = div (sum xs) (length xs)
   |                               ^^
Failed, no modules loaded.
2022-06-16 15:37:13.24144607
>>> :e
   1  module First where
   2  
   3  double :: Int -> Int
   4  double x = x + x
   5  
   6  quadruple :: Int -> Int
   7  quadruple x = double (double x)
   8  
   9  factorial :: Integer -> Integer
  10  factorial n = product [1 .. n]
  11  
  12  average :: [Int] -> Int
  13  average xs = sum xs `div` length xs
  14  
  15  ave :: [Int] -> Int
  16  ave xs = div (sum xs) (length xs)
  17  
[1 of 1] Compiling First            ( src/First.hs, interpreted )
Ok, one module loaded.
2022-06-16 15:38:06.174654616
>>> average [1,2,3,4,5]
3
2022-06-16 15:38:19.447970448
>>> :t take 3 [1,2,3,4,5]
take 3 [1,2,3,4,5] :: Num a => [a]
2022-06-16 15:49:52.978383605
>>> init [1 .. 5]
[1,2,3,4]
2022-06-16 16:07:00.535768382
>>> :e
   1  module First where
   2  
   3  double :: Int -> Int
   4  double x = x + x
   5  
   6  quadruple :: Int -> Int
   7  quadruple x = double (double x)
   8  
   9  factorial :: Integer -> Integer
  10  factorial n = product [1 .. n]
  11  
  12  average :: [Int] -> Int
  13  average xs = sum xs `div` length xs
  14  
  15  ave :: [Int] -> Int
  16  ave xs = div (sum xs) (length xs)
  17  
  18  myinit :: [a] -> [a]
  19  myinit (x:[]) = []
  20  myinit (x:xs) = x : (init xs)
[1 of 1] Compiling First            ( src/First.hs, interpreted )
Ok, one module loaded.
2022-06-16 16:14:28.681179791
>>> myinit [1 .. 5]
[1,2,3,4]
2022-06-16 16:14:43.244835774
>>> myinit []
*** Exception: src/First.hs:(19,1)-(20,29): Non-exhaustive patterns in function myinit

2022-06-16 16:14:57.461611222
>>> :q
Leaving GHCi.
GHCi, version 9.0.2: https://www.haskell.org/ghc/  :? for help
Loaded GHCi configuration from /home/nobsun/bprog2022/.ghci
2022-06-23 14:54:35.717137708
>>> :i Num
type Num :: * -> Constraint
class Num a where
  (+) :: a -> a -> a
  (-) :: a -> a -> a
  (*) :: a -> a -> a
  negate :: a -> a
  abs :: a -> a
  signum :: a -> a
  fromInteger :: Integer -> a
  {-# MINIMAL (+), (*), abs, signum, fromInteger, (negate | (-)) #-}
  	-- Defined in ‘GHC.Num’
instance Num NominalDiffTime
  -- Defined in ‘time-1.9.3:Data.Time.Clock.Internal.NominalDiffTime’
instance Num DiffTime
  -- Defined in ‘time-1.9.3:Data.Time.Clock.Internal.DiffTime’
instance Num Word -- Defined in ‘GHC.Num’
instance Num Integer -- Defined in ‘GHC.Num’
instance Num Int -- Defined in ‘GHC.Num’
instance Num Float -- Defined in ‘GHC.Float’
instance Num Double -- Defined in ‘GHC.Float’
2022-06-23 14:55:10.092676443
>>> :q
Leaving GHCi.
GHCi, version 9.0.2: https://www.haskell.org/ghc/  :? for help
Loaded GHCi configuration from /home/nobsun/bprog2022/.ghci
2022-06-23 14:55:26.552614675
>>> :q
Leaving GHCi.
GHCi, version 9.0.2: https://www.haskell.org/ghc/  :? for help
Loaded GHCi configuration from /home/nobsun/bprog2022/.ghci
2022-06-23 14:56:08.171966542
>>> :i Num
type Num :: * -> Constraint
class Num a where
  (+) :: a -> a -> a
  (-) :: a -> a -> a
  (*) :: a -> a -> a
  negate :: a -> a
  abs :: a -> a
  signum :: a -> a
  fromInteger :: Integer -> a
  {-# MINIMAL (+), (*), abs, signum, fromInteger, (negate | (-)) #-}
  	-- Defined in ‘GHC.Num’
instance Num NominalDiffTime
  -- Defined in ‘time-1.9.3:Data.Time.Clock.Internal.NominalDiffTime’
instance Num DiffTime
  -- Defined in ‘time-1.9.3:Data.Time.Clock.Internal.DiffTime’
instance Num Word -- Defined in ‘GHC.Num’
instance Num Integer -- Defined in ‘GHC.Num’
instance Num Int -- Defined in ‘GHC.Num’
instance Num Float -- Defined in ‘GHC.Float’
instance Num Double -- Defined in ‘GHC.Float’
2022-06-23 14:56:29.406010129
>>> 1 == 2
False
2022-06-23 15:06:11.165911519
>>> 1 < 2
True
2022-06-23 15:06:19.672750793
>>> 1 < 1
False
2022-06-23 15:06:26.630247478
>>> 1 <= 2
True
2022-06-23 15:06:37.663558204
>>> 1 >- 2

<interactive>:6:3: error:
    • Variable not in scope: (>-) :: t0 -> t1 -> t
    • Perhaps you meant one of these:
        ‘-’ (imported from Prelude), ‘>=’ (imported from Prelude),
        ‘>>’ (imported from Prelude)
2022-06-23 15:06:45.052872949
>>> 1 >= 2
False
2022-06-23 15:06:53.695049072
>>> 'a' < 'b'
True
2022-06-23 15:11:20.727847836
>>> 'a' < 'B'
False
2022-06-23 15:11:30.72902448
>>> '' < 'a'

<interactive>:10:1: error:
    Parser error on `''`
    Character literals may not be empty
2022-06-23 15:12:08.687075739
>>> 'ab' < 'b'

<interactive>:11:1: error:
    • Syntax error on 'ab'
      Perhaps you intended to use TemplateHaskell or TemplateHaskellQuotes
    • In the Template Haskell quotation 'ab'
2022-06-23 15:12:57.721187582
>>> 1 /= 2
True
2022-06-23 15:15:50.267208182
>>> 1 /= 1
False
2022-06-23 15:15:57.787679462
>>> :info abs
type Num :: * -> Constraint
class Num a where
  ...
  abs :: a -> a
  ...
  	-- Defined in ‘GHC.Num’
2022-06-23 15:29:36.301675131
>>> abs

<interactive>:15:1: error:
    • No instance for (Show (Integer -> Integer))
        arising from a use of ‘print’
        (maybe you haven't applied a function to enough arguments?)
    • In a stmt of an interactive GHCi command: print it
2022-06-23 15:30:47.113176626
>>> abs (-234)
234
2022-06-23 15:34:32.611405809
>>> GHCi, version 9.0.2: https://www.haskell.org/ghc/  :? for help
Loaded GHCi configuration from /home/nobsun/bprog2022/.ghci
2022-06-30 14:56:18.738453592
>>> [ x ^ 2 | x <- [1 .. 5] ]
[1,4,9,16,25]
2022-06-30 15:02:10.670778914
>>> map (^2) [1..5]
[1,4,9,16,25]
2022-06-30 15:05:02.989172283
>>> [ x * 2 | x <- [1 .. 5] ]
[2,4,6,8,10]
2022-06-30 15:11:54.908206287
>>> [ x `div` 2 | x < [1 .. 5]]

<interactive>:4:3: error: Variable not in scope: x

<interactive>:4:15: error: Variable not in scope: x :: [a0]
2022-06-30 15:13:09.975337766
>>> [ x `div` 2 | x <- [1 .. 5]]
[0,1,1,2,2]
2022-06-30 15:13:27.495686736
>>> [ x `divMod` 2 | x <- [1 .. 5]]
[(0,1),(1,0),(1,1),(2,0),(2,1)]
2022-06-30 15:15:27.708608329
>>> [ (x, y) | x <- "abc", y <- [4,5] ]
[('a',4),('a',5),('b',4),('b',5),('c',4),('c',5)]
2022-06-30 15:20:42.455028729
>>> [ (x, y) | y <- [4, 5], x <- "abc" ]
[('a',4),('b',4),('c',4),('a',5),('b',5),('c',5)]
2022-06-30 15:21:19.985035358
>>> :e src/First.hs
   1  module First where
   2  
   3  double :: Int -> Int
   4  double x = x + x
   5  
   6  quadruple :: Int -> Int
   7  quadruple x = double (double x)
   8  
   9  factorial :: Integer -> Integer
  10  factorial n = product [1 .. n]
  11  
  12  average :: [Int] -> Int
  13  average xs = sum xs `div` length xs
  14  
  15  ave :: [Int] -> Int
  16  ave xs = div (sum xs) (length xs)
  17  
  18  myinit :: [a] -> [a]
  19  myinit (x:[]) = []
  20  myinit (x:xs) = x : (init xs)
  21  
  22  myconcat :: [[a]] -> [a]
  23  myconcat xss = [ x | xs <- xss, x <- xs ]
Ok, no modules loaded.
2022-06-30 15:26:20.848475423
>>> :l src/First.hs
[1 of 1] Compiling First            ( src/First.hs, interpreted )
Ok, one module loaded.
2022-06-30 15:26:20.931961726
>>> myconcat [[1,2,3],[4,5],[6.7.8.9]]

<interactive>:11:1: error:
    • Non type-variable argument in the constraint: Fractional (b -> c)
      (Use FlexibleContexts to permit this)
    • When checking the inferred type
        it :: forall {b} {c} {a}.
              (Fractional (b -> c), Fractional (a -> b), Num (a -> c)) =>
              [a -> c]
2022-06-30 15:27:24.757113823
>>> myconcat [[1,2,3],[4,5],[6,7,8,9]]
[1,2,3,4,5,6,7,8,9]
2022-06-30 15:28:20.871286408
>>> [ 1 | _ <- [1 .. 5] ]
[1,1,1,1,1]
2022-06-30 15:47:31.45638688
>>> :e
   1  module First where
   2  
   3  double :: Int -> Int
   4  double x = x + x
   5  
   6  quadruple :: Int -> Int
   7  quadruple x = double (double x)
   8  
   9  factorial :: Integer -> Integer
  10  factorial n = product [1 .. n]
  11  
  12  average :: [Int] -> Int
  13  average xs = sum xs `div` length xs
  14  
  15  ave :: [Int] -> Int
  16  ave xs = div (sum xs) (length xs)
  17  
  18  myinit :: [a] -> [a]
  19  myinit (x:[]) = []
  20  myinit (x:xs) = x : (init xs)
  21  
  22  myconcat :: [[a]] -> [a]
  23  myconcat xss = [ x | xs <- xss, x <- xs ]
  24  
  25  mylength :: [a] -> Int
  26  mylength xs = sum [ 1 | _ <- xs ]
[1 of 1] Compiling First            ( src/First.hs, interpreted )
Ok, one module loaded.
2022-06-30 15:49:57.001143132
>>> mylength ['a' .. 'z']
26
2022-06-30 15:50:30.027245364
>>> ['a' .. 'z']
"abcdefghijklmnopqrstuvwxyz"
2022-06-30 15:50:44.442774253
>>> ['あ' .. 'ん']
"\12354\12355\12356\12357\12358\12359\12360\12361\12362\12363\12364\12365\12366\12367\12368\12369\12370\12371\12372\12373\12374\12375\12376\12377\12378\12379\12380\12381\12382\12383\12384\12385\12386\12387\12388\12389\12390\12391\12392\12393\12394\12395\12396\12397\12398\12399\12400\12401\12402\12403\12404\12405\12406\12407\12408\12409\12410\12411\12412\12413\12414\12415\12416\12417\12418\12419\12420\12421\12422\12423\12424\12425\12426\12427\12428\12429\12430\12431\12432\12433\12434\12435"
2022-06-30 15:51:58.595580725
>>> putStrLn it
あぃいぅうぇえぉおかがきぎくぐけげこごさざしじすずせぜそぞただちぢっつづてでとどなにぬねのはばぱひびぴふぶぷへべぺほぼぽまみむめもゃやゅゆょよらりるれろゎわゐゑをん
2022-06-30 15:52:41.924179554
>>> :q
Leaving GHCi.
